[info] Application started
[warn] background color not defined
[warn] forground color not defined
[warn] font size not defined
[info] using default background
[info] using default forground
[info] using defualt font size
[info] config initialized
[error] null value on line 193
[info ] generating bug report
[info] system exit
